============================= test session starts =============================
platform win32 -- Python 3.13.2, pytest-8.3.5, pluggy-1.5.0 -- C:\Program Files\Python313\python.exe
cachedir: .pytest_cache
rootdir: C:\Users\olive\Desktop\backupdesarrollogui\UPGRADE\KVAVSKFORCERATIO
plugins: anyio-4.8.0, cov-6.2.1
collecting ... collected 100 items

test_analysis_simple.py::test_analysis PASSED                            [  1%]
test_asesor_financiero.py::test_asesor_financiero PASSED                 [  2%]
test_asesor_financiero.py::test_funcion_utilidad PASSED                  [  3%]
test_asesor_kpis_completos.py::test_asesor_kpis_completos PASSED         [  4%]
test_asesor_mejoras_cientificas.py::test_mejoras_cientificas_asesor PASSED [  5%]
test_cli.py::test_cli_imports PASSED                                     [  6%]
test_cli.py::test_cli_configuration PASSED                               [  7%]
test_cli.py::test_cli_execution PASSED                                   [  8%]
test_cli.py::test_cli_output PASSED                                      [  9%]
test_cli.py::test_cli_error_handling PASSED                              [ 10%]
test_cli_kpis_por_estilo.py::test_kpis_por_estilo PASSED                 [ 11%]
test_columnas_simple.py::test_columnas PASSED                            [ 12%]
test_core_engine_mejoras_cientificas.py::test_mejoras_cientificas_core_engine PASSED [ 13%]
test_correcciones_fase1.py::test_reorganizacion_pestaña_resultados PASSED [ 14%]
test_correcciones_fase1.py::test_subpestaña_estrategias_seleccionadas PASSED [ 15%]
test_correcciones_fase1.py::test_popup_detalles_individuales PASSED      [ 16%]
test_correcciones_fase1.py::test_layout_mejorado PASSED                  [ 17%]
test_correcciones_fase1.py::test_scrollbars_estrategias_filtradas PASSED [ 18%]
test_correcciones_fase1_simple.py::test_reorganizacion_codigo PASSED     [ 19%]
test_correcciones_fase1_simple.py::test_subpestaña_código PASSED         [ 20%]
test_correcciones_fase1_simple.py::test_popup_detalles PASSED            [ 21%]
test_correcciones_fase1_simple.py::test_scrollbars PASSED                [ 22%]
test_correcciones_fase1_simple.py::test_referencias_corregidas PASSED    [ 23%]
test_data_manager_mejoras.py::test_data_manager_mejoras PASSED           [ 24%]
test_debug_asesor.py::test_debug_asesor PASSED                           [ 25%]
test_debug_asesor_specifico.py::test_debug_asesor_especifico PASSED      [ 26%]
test_debug_dataframe_asesor.py::test_debug_dataframe_asesor PASSED       [ 27%]
test_debug_final.py::test_debug_final PASSED                             [ 28%]
test_diagnostico_dataframe_vacio.py::test_diagnostico_completo PASSED    [ 29%]
test_diagnostico_dataframe_vacio.py::test_diagnostico_especifico PASSED  [ 30%]
test_diagnostico_simple.py::test_archivo_entrada PASSED                  [ 31%]
test_diagnostico_simple.py::test_data_manager PASSED                     [ 32%]
test_diagnostico_simple.py::test_core_engine PASSED                      [ 33%]
test_diagnostico_simple.py::test_gui_integration PASSED                  [ 34%]
test_fase4_validacion.py::test_fase4_validacion PASSED                   [ 35%]
test_fase4_validacion.py::test_funcionalidad_critica PASSED              [ 36%]
test_fase4_validacion.py::test_integracion PASSED                        [ 37%]
test_fase4_validacion.py::test_rendimiento PASSED                        [ 38%]
test_fase4_validacion.py::test_usabilidad PASSED                         [ 39%]
test_fase4_validacion.py::test_sistema_feedback PASSED                   [ 40%]
test_final_solution.py::test_final_solution PASSED                       [ 41%]
test_flujo_completo_gui.py::test_file_structure PASSED                   [ 42%]
test_flujo_completo_gui.py::test_data_loading PASSED                     [ 43%]
test_flujo_completo_gui.py::test_module_imports PASSED                   [ 44%]
test_flujo_completo_gui.py::test_gui_structure PASSED                    [ 45%]
test_flujo_completo_gui.py::test_analysis_flow PASSED                    [ 46%]
test_flujo_completo_gui.py::test_advisor_integration PASSED              [ 47%]
test_flujo_completo_gui.py::test_export_functionality PASSED             [ 48%]
test_flujo_completo_gui.py::test_performance PASSED                      [ 49%]
test_flujo_completo_gui_automated.py::test_gui_flow_1_file_structure PASSED [ 50%]
test_flujo_completo_gui_automated.py::test_gui_flow_2_module_imports PASSED [ 51%]
test_flujo_completo_gui_automated.py::test_gui_flow_3_gui_creation PASSED [ 52%]
test_flujo_completo_gui_automated.py::test_gui_flow_4_configuration_setup PASSED [ 53%]
test_flujo_completo_gui_automated.py::test_gui_flow_5_data_validation PASSED [ 54%]
test_flujo_completo_gui_automated.py::test_gui_flow_6_analysis_simulation FAILED [ 55%]
test_flujo_completo_gui_automated.py::test_gui_flow_7_strategy_selection PASSED [ 56%]
test_flujo_completo_gui_automated.py::test_gui_flow_8_advisor_integration 